// Jest Snapshot v1, https://goo.gl/fbAQLP

exports[`renders correctly 1`] = `
<View
  style={
    Object {
      "flex": 1,
    }
  }
>
  <RCTSafeAreaView
    emulateUnlessSupported={true}
    style={
      Object {
        "flex": 1,
      }
    }
  >
    <View
      appearance="default"
      style={
        Array [
          Object {
            "backgroundColor": "#FFFFFF",
            "minHeight": 56,
            "paddingHorizontal": 8,
            "paddingVertical": 8,
          },
          Object {
            "alignItems": "center",
            "flexDirection": "row",
          },
          Object {
            "justifyContent": "space-between",
          },
          undefined,
        ]
      }
    >
      <View
        style={
          Object {
            "flexDirection": "row",
            "zIndex": 1,
          }
        }
      >
        <View
          accessible={true}
          focusable={true}
          onClick={[Function]}
          onResponderGrant={[Function]}
          onResponderMove={[Function]}
          onResponderRelease={[Function]}
          onResponderTerminate={[Function]}
          onResponderTerminationRequest={[Function]}
          onStartShouldSetResponder={[Function]}
          style={
            Object {
              "marginHorizontal": 8,
              "opacity": 1,
            }
          }
        >
          <View
            style={
              Object {
                "transform": Array [
                  Object {
                    "scale": 1,
                  },
                ],
              }
            }
          >
            <RNSVGSvgView
              align="xMidYMid"
              bbHeight={24}
              bbWidth={24}
              fill="#222B45"
              focusable={false}
              meetOrSlice={0}
              minX={0}
              minY={0}
              style={
                Array [
                  Object {
                    "backgroundColor": "transparent",
                    "borderWidth": 0,
                  },
                  Object {
                    "height": 24,
                    "tintColor": "#222B45",
                    "width": 24,
                  },
                  Object {
                    "opacity": 1,
                  },
                  Object {
                    "flex": 0,
                    "height": 24,
                    "width": 24,
                  },
                ]
              }
              vbHeight={24}
              vbWidth={24}
            >
              <RNSVGGroup
                fill={
                  Array [
                    0,
                    4280429381,
                  ]
                }
                fillOpacity={1}
                fillRule={1}
                font={Object {}}
                matrix={
                  Array [
                    1,
                    0,
                    0,
                    1,
                    0,
                    0,
                  ]
                }
                opacity={1}
                originX={0}
                originY={0}
                propList={
                  Array [
                    "fill",
                  ]
                }
                rotation={0}
                scaleX={1}
                scaleY={1}
                skewX={0}
                skewY={0}
                stroke={null}
                strokeDasharray={null}
                strokeDashoffset={null}
                strokeLinecap={0}
                strokeLinejoin={0}
                strokeMiterlimit={4}
                strokeOpacity={1}
                strokeWidth={1}
                vectorEffect={0}
                x={0}
                y={0}
              >
                <RNSVGGroup
                  fill={
                    Array [
                      0,
                      4278190080,
                    ]
                  }
                  fillOpacity={1}
                  fillRule={1}
                  font={Object {}}
                  matrix={
                    Array [
                      1,
                      0,
                      0,
                      1,
                      0,
                      0,
                    ]
                  }
                  opacity={1}
                  originX={0}
                  originY={0}
                  propList={Array []}
                  rotation={0}
                  scaleX={1}
                  scaleY={1}
                  skewX={0}
                  skewY={0}
                  stroke={null}
                  strokeDasharray={null}
                  strokeDashoffset={null}
                  strokeLinecap={0}
                  strokeLinejoin={0}
                  strokeMiterlimit={4}
                  strokeOpacity={1}
                  strokeWidth={1}
                  vectorEffect={0}
                  x={0}
                  y={0}
                >
                  <RNSVGGroup
                    fill={
                      Array [
                        0,
                        4278190080,
                      ]
                    }
                    fillOpacity={1}
                    fillRule={1}
                    font={Object {}}
                    matrix={
                      Array [
                        1,
                        0,
                        0,
                        1,
                        0,
                        0,
                      ]
                    }
                    opacity={1}
                    originX={0}
                    originY={0}
                    propList={Array []}
                    rotation={0}
                    scaleX={1}
                    scaleY={1}
                    skewX={0}
                    skewY={0}
                    stroke={null}
                    strokeDasharray={null}
                    strokeDashoffset={null}
                    strokeLinecap={0}
                    strokeLinejoin={0}
                    strokeMiterlimit={4}
                    strokeOpacity={1}
                    strokeWidth={1}
                    vectorEffect={0}
                    x={0}
                    y={0}
                  >
                    <RNSVGRect
                      fill={
                        Array [
                          0,
                          4278190080,
                        ]
                      }
                      fillOpacity={1}
                      fillRule={1}
                      height="24"
                      matrix={
                        Array [
                          6.123233995736766e-17,
                          1,
                          -1,
                          6.123233995736766e-17,
                          24,
                          0,
                        ]
                      }
                      opacity={0}
                      originX={0}
                      originY={0}
                      propList={Array []}
                      rotation={0}
                      scaleX={1}
                      scaleY={1}
                      skewX={0}
                      skewY={0}
                      stroke={null}
                      strokeDasharray={null}
                      strokeDashoffset={null}
                      strokeLinecap={0}
                      strokeLinejoin={0}
                      strokeMiterlimit={4}
                      strokeOpacity={1}
                      strokeWidth={1}
                      vectorEffect={0}
                      width="24"
                      x={0}
                      y={0}
                    />
                    <RNSVGPath
                      d="M13.36 17a1 1 0 0 1-.72-.31l-3.86-4a1 1 0 0 1 0-1.4l4-4a1 1 0 1 1 1.42 1.42L10.9 12l3.18 3.3a1 1 0 0 1 0 1.41 1 1 0 0 1-.72.29z"
                      fill={
                        Array [
                          0,
                          4278190080,
                        ]
                      }
                      fillOpacity={1}
                      fillRule={1}
                      matrix={
                        Array [
                          1,
                          0,
                          0,
                          1,
                          0,
                          0,
                        ]
                      }
                      opacity={1}
                      originX={0}
                      originY={0}
                      propList={Array []}
                      rotation={0}
                      scaleX={1}
                      scaleY={1}
                      skewX={0}
                      skewY={0}
                      stroke={null}
                      strokeDasharray={null}
                      strokeDashoffset={null}
                      strokeLinecap={0}
                      strokeLinejoin={0}
                      strokeMiterlimit={4}
                      strokeOpacity={1}
                      strokeWidth={1}
                      vectorEffect={0}
                      x={0}
                      y={0}
                    />
                  </RNSVGGroup>
                </RNSVGGroup>
              </RNSVGGroup>
            </RNSVGSvgView>
          </View>
        </View>
      </View>
      <View
        style={
          Object {
            "alignItems": "center",
            "bottom": 0,
            "justifyContent": "center",
            "left": 0,
            "position": "absolute",
            "right": 0,
            "top": 0,
          }
        }
      >
        <Text
          appearance="default"
          category="p1"
          style={
            Array [
              Object {
                "color": "#222B45",
                "fontFamily": "System",
                "fontSize": 15,
                "fontWeight": "400",
              },
              Object {
                "color": "#222B45",
                "fontFamily": "System",
                "fontSize": 15,
                "fontWeight": "600",
                "textAlign": "center",
              },
            ]
          }
        >
          Ergebnis
        </Text>
      </View>
      <View
        style={
          Array [
            Object {
              "flexDirection": "row",
              "zIndex": 1,
            },
            undefined,
          ]
        }
      />
    </View>
    <View
      appearance="default"
      style={
        Array [
          Object {
            "backgroundColor": "#EDF1F7",
            "height": 1,
          },
          undefined,
        ]
      }
    />
    <View
      appearance="default"
      level="4"
      style={
        Array [
          Object {
            "backgroundColor": "#E4E9F2",
          },
          Object {
            "flex": 1,
            "justifyContent": "flex-start",
          },
        ]
      }
    >
      <View
        style={
          Object {
            "alignItems": "flex-start",
            "flexDirection": "column",
            "justifyContent": "flex-start",
          }
        }
      >
        <Image
          source={
            Object {
              "uri": "",
            }
          }
          style={
            Object {
              "height": 333.5,
              "width": 750,
            }
          }
        />
      </View>
      <View
        style={
          Array [
            Object {
              "alignItems": "center",
              "justifyContent": "flex-start",
            },
            Object {
              "height": 1000.5,
              "width": 750,
            },
          ]
        }
      >
        <Text
          style={
            Object {
              "color": "#3366FF",
              "fontSize": 120,
              "padding": 10,
            }
          }
        />
        <Text
          style={
            Object {
              "color": "white",
              "fontWeight": "700",
            }
          }
        >
          Datum:
        </Text>
        <Text
          style={
            Object {
              "color": "white",
              "marginBottom": 10,
            }
          }
        />
        <Text
          style={
            Object {
              "color": "white",
              "fontWeight": "700",
            }
          }
        >
          Kultur:
        </Text>
        <Text
          style={
            Object {
              "color": "white",
              "marginBottom": 10,
            }
          }
        />
        <Text
          style={
            Object {
              "color": "white",
              "fontWeight": "700",
            }
          }
        >
          Entwicklungsstadium:
        </Text>
        <Text
          style={
            Object {
              "color": "white",
              "marginBottom": 10,
            }
          }
        />
        <Text
          style={
            Object {
              "color": "white",
              "fontWeight": "700",
            }
          }
        >
          Variantenbezeichnung:
        </Text>
        <Text
          style={
            Object {
              "color": "white",
              "marginBottom": 10,
            }
          }
        />
        <Text
          style={
            Object {
              "color": "white",
              "fontWeight": "700",
            }
          }
        >
          Wiederholung:
        </Text>
        <Text
          style={
            Object {
              "color": "white",
              "marginBottom": 10,
            }
          }
        />
      </View>
    </View>
  </RCTSafeAreaView>
</View>
`;
